> Task :gradle-plugin:settings-plugin:checkKotlinGradlePluginConfigurationErrors SKIPPED
> Task :gradle-plugin:shared:checkKotlinGradlePluginConfigurationErrors SKIPPED
> Task :gradle-plugin:shared:compileKotlin UP-TO-DATE
> Task :gradle-plugin:shared:compileJava NO-SOURCE
> Task :gradle-plugin:shared:processResources NO-SOURCE
> Task :gradle-plugin:shared:classes UP-TO-DATE
> Task :gradle-plugin:shared:jar UP-TO-DATE
> Task :gradle-plugin:settings-plugin:compileKotlin UP-TO-DATE
> Task :gradle-plugin:settings-plugin:compileJava NO-SOURCE
> Task :gradle-plugin:settings-plugin:pluginDescriptors UP-TO-DATE
> Task :gradle-plugin:settings-plugin:processResources UP-TO-DATE
> Task :gradle-plugin:settings-plugin:classes UP-TO-DATE
> Task :gradle-plugin:settings-plugin:jar UP-TO-DATE
> Task :gradle-plugin:react-native-gradle-plugin:checkKotlinGradlePluginConfigurationErrors SKIPPED
> Task :gradle-plugin:react-native-gradle-plugin:compileKotlin UP-TO-DATE
> Task :gradle-plugin:react-native-gradle-plugin:compileJava NO-SOURCE
> Task :gradle-plugin:react-native-gradle-plugin:pluginDescriptors UP-TO-DATE
> Task :gradle-plugin:react-native-gradle-plugin:processResources UP-TO-DATE
> Task :gradle-plugin:react-native-gradle-plugin:classes UP-TO-DATE
> Task :gradle-plugin:react-native-gradle-plugin:jar UP-TO-DATE

> Configure project :react-native-fast-tflite
[NitroModules] ? NitroTflite is boosted by nitro!

> Configure project :react-native-nitro-image
[NitroModules] ? NitroImage is boosted by nitro!

> Configure project :react-native-nitro-modules
[NitroModules] ? Your app is boosted by nitro modules!

> Configure project :react-native-vision-camera
[NitroModules] ? VisionCamera is boosted by nitro!

> Configure project :react-native-vision-camera-worklets
[NitroModules] ? VisionCameraWorklets is boosted by nitro!

> Task :app:generateAutolinkingNewArchitectureFiles
> Task :app:generateAutolinkingPackageList
> Task :app:generateCodegenSchemaFromJavaScript SKIPPED
> Task :app:generateCodegenArtifactsFromSchema SKIPPED
> Task :app:generateReactNativeEntryPoint
> Task :react-native-community_netinfo:generateCodegenSchemaFromJavaScript UP-TO-DATE
> Task :react-native-community_netinfo:generateCodegenArtifactsFromSchema UP-TO-DATE
> Task :react-native-community_netinfo:preBuild UP-TO-DATE
> Task :react-native-fast-tflite:preBuild UP-TO-DATE
> Task :react-native-fs:preBuild UP-TO-DATE
> Task :react-native-gesture-handler:generateCodegenSchemaFromJavaScript UP-TO-DATE
> Task :react-native-gesture-handler:generateCodegenArtifactsFromSchema UP-TO-DATE
> Task :react-native-gesture-handler:preBuild UP-TO-DATE

> Task :react-native-nitro-image:generateCodegenSchemaFromJavaScript
.\gradlew : No modules to process in combine-js-to-schema-cli. If this is unexpected, please check if you set up your 
NativeComponent correctly. See combine-js-to-schema.js for how codegen finds modules.
At line:1 char:331
+ ... ude_Code\14_NHAI\ZaiFi\android"; .\gradlew assembleDebug 2>&1 | Tee-O ...
+                                      ~~~~~~~~~~~~~~~~~~~~~~~~~~~~
    + CategoryInfo          : NotSpecified: (No modules to p... finds modules.:String) [], RemoteException
    + FullyQualifiedErrorId : NativeCommandError
 

> Task :react-native-nitro-image:generateCodegenArtifactsFromSchema
> Task :react-native-nitro-image:prepareHeaders UP-TO-DATE
> Task :react-native-nitro-image:preBuild
> Task :react-native-nitro-modules:generateCodegenSchemaFromJavaScript UP-TO-DATE
> Task :react-native-nitro-modules:generateCodegenArtifactsFromSchema UP-TO-DATE
> Task :react-native-nitro-modules:prepareHeaders UP-TO-DATE
> Task :react-native-nitro-modules:preBuild UP-TO-DATE
> Task :react-native-safe-area-context:generateCodegenSchemaFromJavaScript UP-TO-DATE
> Task :react-native-safe-area-context:generateCodegenArtifactsFromSchema UP-TO-DATE
> Task :react-native-safe-area-context:preBuild UP-TO-DATE
> Task :react-native-screens:generateCodegenSchemaFromJavaScript UP-TO-DATE
> Task :react-native-screens:generateCodegenArtifactsFromSchema UP-TO-DATE
> Task :react-native-screens:preBuild UP-TO-DATE
> Task :react-native-sqlite-storage:preBuild UP-TO-DATE

> Task :react-native-vision-camera:generateCodegenSchemaFromJavaScript
No modules to process in combine-js-to-schema-cli. If this is unexpected, please check if you set up your 
NativeComponent correctly. See combine-js-to-schema.js for how codegen finds modules.

> Task :react-native-vision-camera:generateCodegenArtifactsFromSchema
> Task :react-native-vision-camera:prepareHeaders UP-TO-DATE
> Task :react-native-vision-camera:preBuild

> Task :react-native-vision-camera-worklets:generateCodegenSchemaFromJavaScript
No modules to process in combine-js-to-schema-cli. If this is unexpected, please check if you set up your 
NativeComponent correctly. See combine-js-to-schema.js for how codegen finds modules.

> Task :react-native-vision-camera-worklets:generateCodegenArtifactsFromSchema
> Task :react-native-vision-camera-worklets:preBuild
> Task :react-native-worklets:assertMinimalReactNativeVersionTask
> Task :react-native-worklets:generateCodegenSchemaFromJavaScript
> Task :react-native-worklets:generateCodegenArtifactsFromSchema
> Task :react-native-worklets:prepareWorkletsHeadersForPrefabs
> Task :react-native-worklets:preBuild
> Task :app:preBuild
> Task :app:preDebugBuild
> Task :app:mergeDebugNativeDebugMetadata NO-SOURCE
> Task :app:checkKotlinGradlePluginConfigurationErrors SKIPPED
> Task :app:generateDebugBuildConfig
> Task :react-native-community_netinfo:preDebugBuild UP-TO-DATE
> Task :react-native-community_netinfo:writeDebugAarMetadata UP-TO-DATE
> Task :react-native-fast-tflite:preDebugBuild UP-TO-DATE
> Task :react-native-fast-tflite:writeDebugAarMetadata UP-TO-DATE
> Task :react-native-fs:preDebugBuild UP-TO-DATE
> Task :react-native-fs:writeDebugAarMetadata UP-TO-DATE
> Task :react-native-gesture-handler:preDebugBuild UP-TO-DATE
> Task :react-native-gesture-handler:writeDebugAarMetadata UP-TO-DATE
> Task :react-native-nitro-image:preDebugBuild
> Task :react-native-nitro-image:writeDebugAarMetadata UP-TO-DATE
> Task :react-native-nitro-modules:preDebugBuild UP-TO-DATE
> Task :react-native-nitro-modules:writeDebugAarMetadata UP-TO-DATE
> Task :react-native-safe-area-context:preDebugBuild UP-TO-DATE
> Task :react-native-safe-area-context:writeDebugAarMetadata UP-TO-DATE
> Task :react-native-screens:preDebugBuild UP-TO-DATE
> Task :react-native-screens:writeDebugAarMetadata UP-TO-DATE
> Task :react-native-sqlite-storage:preDebugBuild UP-TO-DATE
> Task :react-native-sqlite-storage:writeDebugAarMetadata UP-TO-DATE
> Task :react-native-vision-camera:preDebugBuild
> Task :react-native-vision-camera:writeDebugAarMetadata UP-TO-DATE
> Task :react-native-vision-camera-worklets:preDebugBuild
> Task :react-native-worklets:preDebugBuild
> Task :react-native-worklets:writeDebugAarMetadata
> Task :react-native-vision-camera-worklets:writeDebugAarMetadata
> Task :app:generateDebugResValues
> Task :react-native-community_netinfo:generateDebugResValues UP-TO-DATE
> Task :react-native-community_netinfo:generateDebugResources UP-TO-DATE
> Task :react-native-community_netinfo:packageDebugResources UP-TO-DATE
> Task :react-native-fast-tflite:generateDebugResValues UP-TO-DATE
> Task :react-native-fast-tflite:generateDebugResources UP-TO-DATE
> Task :react-native-fast-tflite:packageDebugResources UP-TO-DATE
> Task :react-native-fs:generateDebugResValues UP-TO-DATE
> Task :react-native-fs:generateDebugResources UP-TO-DATE
> Task :react-native-fs:packageDebugResources UP-TO-DATE
> Task :react-native-gesture-handler:generateDebugResValues UP-TO-DATE
> Task :react-native-gesture-handler:generateDebugResources UP-TO-DATE
> Task :react-native-gesture-handler:packageDebugResources UP-TO-DATE
> Task :react-native-nitro-image:generateDebugResValues UP-TO-DATE
> Task :app:checkDebugAarMetadata
> Task :react-native-nitro-image:generateDebugResources UP-TO-DATE
> Task :react-native-nitro-image:packageDebugResources UP-TO-DATE
> Task :react-native-nitro-modules:generateDebugResValues UP-TO-DATE
> Task :react-native-nitro-modules:generateDebugResources UP-TO-DATE
> Task :react-native-nitro-modules:packageDebugResources UP-TO-DATE
> Task :react-native-safe-area-context:generateDebugResValues UP-TO-DATE
> Task :react-native-safe-area-context:generateDebugResources UP-TO-DATE
> Task :react-native-safe-area-context:packageDebugResources UP-TO-DATE
> Task :react-native-screens:generateDebugResValues UP-TO-DATE
> Task :react-native-screens:generateDebugResources UP-TO-DATE
> Task :react-native-screens:packageDebugResources UP-TO-DATE
> Task :react-native-sqlite-storage:generateDebugResValues UP-TO-DATE
> Task :react-native-sqlite-storage:generateDebugResources UP-TO-DATE
> Task :react-native-sqlite-storage:packageDebugResources UP-TO-DATE
> Task :react-native-vision-camera:generateDebugResValues UP-TO-DATE
> Task :react-native-vision-camera:generateDebugResources UP-TO-DATE
> Task :react-native-vision-camera:packageDebugResources UP-TO-DATE
> Task :react-native-vision-camera-worklets:generateDebugResValues
> Task :react-native-vision-camera-worklets:generateDebugResources
> Task :react-native-vision-camera-worklets:packageDebugResources
> Task :react-native-worklets:generateDebugResValues
> Task :react-native-worklets:generateDebugResources
> Task :react-native-worklets:packageDebugResources
> Task :app:mapDebugSourceSetPaths
> Task :app:generateDebugResources
> Task :app:packageDebugResources
> Task :app:createDebugCompatibleScreenManifests
> Task :app:extractDeepLinksDebug
> Task :react-native-community_netinfo:extractDeepLinksDebug UP-TO-DATE
> Task :react-native-community_netinfo:processDebugManifest UP-TO-DATE
> Task :react-native-fast-tflite:extractDeepLinksDebug UP-TO-DATE
> Task :react-native-fast-tflite:processDebugManifest UP-TO-DATE
> Task :react-native-fs:extractDeepLinksDebug UP-TO-DATE
> Task :react-native-fs:processDebugManifest UP-TO-DATE
> Task :react-native-gesture-handler:extractDeepLinksDebug UP-TO-DATE
> Task :react-native-gesture-handler:processDebugManifest UP-TO-DATE
> Task :react-native-nitro-image:extractDeepLinksDebug UP-TO-DATE
> Task :react-native-nitro-image:processDebugManifest UP-TO-DATE
> Task :react-native-nitro-modules:extractDeepLinksDebug UP-TO-DATE
> Task :react-native-nitro-modules:processDebugManifest UP-TO-DATE
> Task :react-native-safe-area-context:extractDeepLinksDebug UP-TO-DATE
> Task :react-native-safe-area-context:processDebugManifest UP-TO-DATE
> Task :react-native-screens:extractDeepLinksDebug UP-TO-DATE
> Task :react-native-screens:processDebugManifest UP-TO-DATE
> Task :react-native-sqlite-storage:extractDeepLinksDebug UP-TO-DATE
> Task :react-native-sqlite-storage:processDebugManifest UP-TO-DATE
> Task :react-native-vision-camera:extractDeepLinksDebug UP-TO-DATE
> Task :react-native-vision-camera:processDebugManifest UP-TO-DATE
> Task :react-native-vision-camera-worklets:extractDeepLinksDebug
> Task :react-native-worklets:extractDeepLinksDebug
> Task :app:parseDebugLocalResources
> Task :react-native-community_netinfo:compileDebugLibraryResources UP-TO-DATE
> Task :react-native-community_netinfo:parseDebugLocalResources UP-TO-DATE
> Task :react-native-community_netinfo:generateDebugRFile UP-TO-DATE
> Task :react-native-fast-tflite:compileDebugLibraryResources UP-TO-DATE
> Task :react-native-fast-tflite:parseDebugLocalResources UP-TO-DATE
> Task :react-native-fast-tflite:generateDebugRFile UP-TO-DATE
> Task :react-native-fs:compileDebugLibraryResources UP-TO-DATE
> Task :react-native-fs:parseDebugLocalResources UP-TO-DATE
> Task :react-native-fs:generateDebugRFile UP-TO-DATE
> Task :react-native-gesture-handler:compileDebugLibraryResources UP-TO-DATE
> Task :react-native-gesture-handler:parseDebugLocalResources UP-TO-DATE
> Task :react-native-gesture-handler:generateDebugRFile UP-TO-DATE
> Task :react-native-nitro-image:compileDebugLibraryResources UP-TO-DATE
> Task :react-native-nitro-image:parseDebugLocalResources UP-TO-DATE
> Task :react-native-nitro-image:generateDebugRFile UP-TO-DATE
> Task :react-native-nitro-modules:compileDebugLibraryResources UP-TO-DATE
> Task :react-native-nitro-modules:parseDebugLocalResources UP-TO-DATE
> Task :react-native-vision-camera-worklets:processDebugManifest
> Task :react-native-worklets:processDebugManifest
> Task :react-native-nitro-modules:generateDebugRFile UP-TO-DATE
> Task :app:processDebugMainManifest
> Task :app:processDebugManifest
> Task :react-native-safe-area-context:compileDebugLibraryResources UP-TO-DATE
> Task :react-native-safe-area-context:parseDebugLocalResources UP-TO-DATE
> Task :react-native-safe-area-context:generateDebugRFile UP-TO-DATE
> Task :react-native-screens:compileDebugLibraryResources UP-TO-DATE
> Task :react-native-screens:parseDebugLocalResources UP-TO-DATE
> Task :react-native-screens:generateDebugRFile UP-TO-DATE
> Task :react-native-sqlite-storage:compileDebugLibraryResources UP-TO-DATE
> Task :react-native-sqlite-storage:parseDebugLocalResources UP-TO-DATE
> Task :react-native-sqlite-storage:generateDebugRFile UP-TO-DATE
> Task :react-native-vision-camera:compileDebugLibraryResources UP-TO-DATE
> Task :react-native-vision-camera:parseDebugLocalResources UP-TO-DATE
> Task :react-native-vision-camera:generateDebugRFile UP-TO-DATE
> Task :react-native-vision-camera-worklets:compileDebugLibraryResources
> Task :react-native-worklets:compileDebugLibraryResources
> Task :react-native-vision-camera-worklets:parseDebugLocalResources
> Task :react-native-community_netinfo:generateDebugBuildConfig UP-TO-DATE
> Task :react-native-worklets:parseDebugLocalResources
> Task :react-native-community_netinfo:javaPreCompileDebug UP-TO-DATE
> Task :react-native-worklets:generateDebugRFile
> Task :react-native-vision-camera-worklets:generateDebugRFile
> Task :app:mergeDebugResources
> Task :react-native-community_netinfo:compileDebugJavaWithJavac UP-TO-DATE
> Task :react-native-community_netinfo:bundleLibCompileToJarDebug UP-TO-DATE
> Task :react-native-fast-tflite:checkKotlinGradlePluginConfigurationErrors SKIPPED
> Task :react-native-fast-tflite:generateDebugBuildConfig UP-TO-DATE
> Task :react-native-nitro-modules:checkKotlinGradlePluginConfigurationErrors SKIPPED
> Task :react-native-nitro-modules:generateDebugBuildConfig UP-TO-DATE
> Task :react-native-nitro-modules:compileDebugKotlin UP-TO-DATE
> Task :react-native-nitro-modules:javaPreCompileDebug UP-TO-DATE
> Task :react-native-nitro-modules:compileDebugJavaWithJavac UP-TO-DATE
> Task :react-native-nitro-modules:bundleLibCompileToJarDebug UP-TO-DATE
> Task :react-native-fast-tflite:compileDebugKotlin UP-TO-DATE
> Task :react-native-fast-tflite:javaPreCompileDebug UP-TO-DATE
> Task :react-native-fast-tflite:compileDebugJavaWithJavac UP-TO-DATE
> Task :react-native-fast-tflite:bundleLibCompileToJarDebug UP-TO-DATE
> Task :react-native-fs:generateDebugBuildConfig UP-TO-DATE
> Task :react-native-fs:javaPreCompileDebug UP-TO-DATE
> Task :react-native-fs:compileDebugJavaWithJavac UP-TO-DATE
> Task :react-native-fs:bundleLibCompileToJarDebug UP-TO-DATE
> Task :react-native-gesture-handler:checkKotlinGradlePluginConfigurationErrors SKIPPED
> Task :react-native-gesture-handler:generateDebugBuildConfig UP-TO-DATE
> Task :react-native-gesture-handler:compileDebugKotlin UP-TO-DATE
> Task :react-native-gesture-handler:javaPreCompileDebug UP-TO-DATE
> Task :react-native-gesture-handler:compileDebugJavaWithJavac UP-TO-DATE
> Task :react-native-gesture-handler:bundleLibCompileToJarDebug UP-TO-DATE
> Task :react-native-nitro-image:checkKotlinGradlePluginConfigurationErrors SKIPPED
> Task :react-native-nitro-image:generateDebugBuildConfig UP-TO-DATE
> Task :react-native-nitro-image:compileDebugKotlin UP-TO-DATE
> Task :react-native-nitro-image:javaPreCompileDebug UP-TO-DATE
> Task :react-native-nitro-image:compileDebugJavaWithJavac UP-TO-DATE
> Task :react-native-nitro-image:bundleLibCompileToJarDebug UP-TO-DATE
> Task :react-native-safe-area-context:checkKotlinGradlePluginConfigurationErrors SKIPPED
> Task :react-native-safe-area-context:generateDebugBuildConfig UP-TO-DATE
> Task :react-native-safe-area-context:compileDebugKotlin UP-TO-DATE
> Task :react-native-safe-area-context:javaPreCompileDebug UP-TO-DATE
> Task :react-native-safe-area-context:compileDebugJavaWithJavac UP-TO-DATE
> Task :react-native-safe-area-context:bundleLibCompileToJarDebug UP-TO-DATE
> Task :react-native-screens:checkKotlinGradlePluginConfigurationErrors SKIPPED
> Task :react-native-screens:generateDebugBuildConfig UP-TO-DATE
> Task :react-native-screens:compileDebugKotlin UP-TO-DATE
> Task :react-native-screens:javaPreCompileDebug UP-TO-DATE
> Task :react-native-screens:compileDebugJavaWithJavac UP-TO-DATE
> Task :react-native-screens:bundleLibCompileToJarDebug UP-TO-DATE
> Task :react-native-sqlite-storage:generateDebugBuildConfig UP-TO-DATE
> Task :react-native-sqlite-storage:javaPreCompileDebug UP-TO-DATE
> Task :react-native-sqlite-storage:compileDebugJavaWithJavac UP-TO-DATE
> Task :react-native-sqlite-storage:bundleLibCompileToJarDebug UP-TO-DATE
> Task :react-native-vision-camera:checkKotlinGradlePluginConfigurationErrors SKIPPED
> Task :react-native-vision-camera:generateDebugBuildConfig UP-TO-DATE
> Task :react-native-vision-camera:compileDebugKotlin UP-TO-DATE
> Task :react-native-vision-camera:javaPreCompileDebug UP-TO-DATE
> Task :react-native-vision-camera:compileDebugJavaWithJavac UP-TO-DATE
> Task :react-native-vision-camera:bundleLibCompileToJarDebug UP-TO-DATE
> Task :react-native-vision-camera-worklets:checkKotlinGradlePluginConfigurationErrors SKIPPED
> Task :react-native-vision-camera-worklets:generateDebugBuildConfig
> Task :react-native-worklets:checkKotlinGradlePluginConfigurationErrors SKIPPED
> Task :react-native-worklets:generateDebugBuildConfig
> Task :react-native-worklets:javaPreCompileDebug
> Task :react-native-vision-camera-worklets:javaPreCompileDebug
> Task :app:javaPreCompileDebug
> Task :app:mergeDebugShaders
> Task :app:compileDebugShaders NO-SOURCE
> Task :app:generateDebugAssets UP-TO-DATE
> Task :react-native-community_netinfo:mergeDebugShaders UP-TO-DATE
> Task :react-native-community_netinfo:compileDebugShaders NO-SOURCE
> Task :react-native-community_netinfo:generateDebugAssets UP-TO-DATE
> Task :react-native-community_netinfo:mergeDebugAssets UP-TO-DATE
> Task :react-native-fast-tflite:mergeDebugShaders UP-TO-DATE
> Task :react-native-fast-tflite:compileDebugShaders NO-SOURCE
> Task :react-native-fast-tflite:generateDebugAssets UP-TO-DATE
> Task :react-native-fast-tflite:mergeDebugAssets UP-TO-DATE
> Task :react-native-fs:mergeDebugShaders UP-TO-DATE
> Task :react-native-fs:compileDebugShaders NO-SOURCE
> Task :react-native-fs:generateDebugAssets UP-TO-DATE
> Task :react-native-fs:mergeDebugAssets UP-TO-DATE
> Task :react-native-gesture-handler:mergeDebugShaders UP-TO-DATE
> Task :react-native-gesture-handler:compileDebugShaders NO-SOURCE
> Task :react-native-gesture-handler:generateDebugAssets UP-TO-DATE
> Task :react-native-gesture-handler:mergeDebugAssets UP-TO-DATE
> Task :react-native-nitro-image:mergeDebugShaders UP-TO-DATE
> Task :react-native-nitro-image:compileDebugShaders NO-SOURCE
> Task :react-native-nitro-image:generateDebugAssets UP-TO-DATE
> Task :react-native-nitro-image:mergeDebugAssets UP-TO-DATE
> Task :react-native-nitro-modules:mergeDebugShaders UP-TO-DATE
> Task :react-native-nitro-modules:compileDebugShaders NO-SOURCE
> Task :react-native-nitro-modules:generateDebugAssets UP-TO-DATE
> Task :react-native-nitro-modules:mergeDebugAssets UP-TO-DATE
> Task :react-native-safe-area-context:mergeDebugShaders UP-TO-DATE
> Task :react-native-safe-area-context:compileDebugShaders NO-SOURCE
> Task :react-native-safe-area-context:generateDebugAssets UP-TO-DATE
> Task :react-native-safe-area-context:mergeDebugAssets UP-TO-DATE
> Task :react-native-screens:mergeDebugShaders UP-TO-DATE
> Task :react-native-screens:compileDebugShaders NO-SOURCE
> Task :react-native-screens:generateDebugAssets UP-TO-DATE
> Task :react-native-screens:mergeDebugAssets UP-TO-DATE
> Task :react-native-sqlite-storage:mergeDebugShaders UP-TO-DATE
> Task :react-native-sqlite-storage:compileDebugShaders NO-SOURCE
> Task :react-native-sqlite-storage:generateDebugAssets UP-TO-DATE
> Task :react-native-sqlite-storage:mergeDebugAssets UP-TO-DATE
> Task :react-native-vision-camera:mergeDebugShaders UP-TO-DATE
> Task :react-native-vision-camera:compileDebugShaders NO-SOURCE
> Task :react-native-vision-camera:generateDebugAssets UP-TO-DATE
> Task :react-native-vision-camera:mergeDebugAssets UP-TO-DATE
> Task :react-native-vision-camera-worklets:mergeDebugShaders
> Task :react-native-vision-camera-worklets:compileDebugShaders NO-SOURCE
> Task :react-native-vision-camera-worklets:generateDebugAssets UP-TO-DATE
> Task :react-native-vision-camera-worklets:mergeDebugAssets
> Task :react-native-worklets:mergeDebugShaders
> Task :react-native-worklets:compileDebugShaders NO-SOURCE
> Task :react-native-worklets:generateDebugAssets UP-TO-DATE
> Task :react-native-worklets:mergeDebugAssets
> Task :app:mergeDebugAssets
> Task :app:compressDebugAssets
> Task :react-native-fast-tflite:bundleLibRuntimeToJarDebug UP-TO-DATE
> Task :react-native-gesture-handler:bundleLibRuntimeToJarDebug UP-TO-DATE
> Task :react-native-vision-camera:bundleLibRuntimeToJarDebug UP-TO-DATE
> Task :react-native-nitro-image:bundleLibRuntimeToJarDebug UP-TO-DATE
> Task :react-native-nitro-modules:bundleLibRuntimeToJarDebug UP-TO-DATE
> Task :react-native-safe-area-context:bundleLibRuntimeToJarDebug UP-TO-DATE
> Task :react-native-screens:bundleLibRuntimeToJarDebug UP-TO-DATE
> Task :react-native-community_netinfo:bundleLibRuntimeToJarDebug UP-TO-DATE
> Task :react-native-fs:bundleLibRuntimeToJarDebug UP-TO-DATE
> Task :react-native-sqlite-storage:bundleLibRuntimeToJarDebug UP-TO-DATE
> Task :app:desugarDebugFileDependencies
> Task :react-native-community_netinfo:processDebugJavaRes NO-SOURCE
> Task :react-native-fast-tflite:processDebugJavaRes UP-TO-DATE
> Task :react-native-fs:processDebugJavaRes NO-SOURCE
> Task :react-native-gesture-handler:processDebugJavaRes UP-TO-DATE
> Task :react-native-nitro-image:processDebugJavaRes UP-TO-DATE
> Task :react-native-nitro-modules:processDebugJavaRes UP-TO-DATE
> Task :react-native-safe-area-context:processDebugJavaRes UP-TO-DATE
> Task :react-native-screens:processDebugJavaRes UP-TO-DATE
> Task :react-native-sqlite-storage:processDebugJavaRes NO-SOURCE
> Task :react-native-vision-camera:processDebugJavaRes UP-TO-DATE
> Task :react-native-fast-tflite:bundleLibRuntimeToDirDebug UP-TO-DATE
> Task :react-native-gesture-handler:bundleLibRuntimeToDirDebug UP-TO-DATE
> Task :react-native-vision-camera:bundleLibRuntimeToDirDebug UP-TO-DATE
> Task :react-native-nitro-image:bundleLibRuntimeToDirDebug UP-TO-DATE
> Task :react-native-nitro-modules:bundleLibRuntimeToDirDebug UP-TO-DATE
> Task :react-native-safe-area-context:bundleLibRuntimeToDirDebug UP-TO-DATE
> Task :app:checkDebugDuplicateClasses
> Task :react-native-screens:bundleLibRuntimeToDirDebug UP-TO-DATE
> Task :react-native-community_netinfo:bundleLibRuntimeToDirDebug UP-TO-DATE
> Task :react-native-fs:bundleLibRuntimeToDirDebug UP-TO-DATE
> Task :react-native-sqlite-storage:bundleLibRuntimeToDirDebug UP-TO-DATE

> Task :react-native-nitro-modules:configureCMakeDebug[arm64-v8a]
[CXX5304] This version only understands SDK XML versions up to 3 but an SDK XML file of version 4 was encountered. This can happen if you use versions of Android Studio and the command-line tools that were released at different times.
[CXX5304] This version only understands SDK XML versions up to 3 but an SDK XML file of version 4 was encountered. This can happen if you use versions of Android Studio and the command-line tools that were released at different times.

> Task :react-native-nitro-modules:buildCMakeDebug[arm64-v8a]
C/C++: Hard link from 'C:\Users\Admin\.gradle\caches\9.3.1\transforms\2321ffcfab7439b6200de4724cf7ba76\workspace\transformed\react-android-0.85.3-debug\prefab\modules\reactnative\libs\android.arm64-v8a\libreactnative.so' to 'D:\13_claude_Code\14_NHAI\ZaiFi\node_modules\react-native-nitro-modules\android\build\intermediates\cxx\Debug\9507111t\obj\arm64-v8a\libreactnative.so' failed. Doing a slower copy instead.
C/C++: Hard link from 'C:\Users\Admin\.gradle\caches\9.3.1\transforms\2321ffcfab7439b6200de4724cf7ba76\workspace\transformed\react-android-0.85.3-debug\prefab\modules\reactnative\libs\android.arm64-v8a\libreactnative.so' to 'D:\13_claude_Code\14_NHAI\ZaiFi\node_modules\react-native-nitro-modules\android\build\intermediates\cxx\Debug\9507111t\obj\arm64-v8a\libreactnative.so' failed. Doing a slower copy instead.

> Task :react-native-nitro-modules:configureCMakeDebug[armeabi-v7a]

> Task :react-native-nitro-modules:buildCMakeDebug[armeabi-v7a]
C/C++: Hard link from 'C:\Users\Admin\.gradle\caches\9.3.1\transforms\2321ffcfab7439b6200de4724cf7ba76\workspace\transformed\react-android-0.85.3-debug\prefab\modules\reactnative\libs\android.armeabi-v7a\libreactnative.so' to 'D:\13_claude_Code\14_NHAI\ZaiFi\node_modules\react-native-nitro-modules\android\build\intermediates\cxx\Debug\9507111t\obj\armeabi-v7a\libreactnative.so' failed. Doing a slower copy instead.
C/C++: Hard link from 'C:\Users\Admin\.gradle\caches\9.3.1\transforms\2321ffcfab7439b6200de4724cf7ba76\workspace\transformed\react-android-0.85.3-debug\prefab\modules\reactnative\libs\android.armeabi-v7a\libreactnative.so' to 'D:\13_claude_Code\14_NHAI\ZaiFi\node_modules\react-native-nitro-modules\android\build\intermediates\cxx\Debug\9507111t\obj\armeabi-v7a\libreactnative.so' failed. Doing a slower copy instead.

> Task :app:mergeExtDexDebug
> Task :react-native-worklets:compileDebugKotlin
> Task :react-native-nitro-modules:configureCMakeDebug[x86]
> Task :react-native-worklets:compileDebugJavaWithJavac
> Task :app:processDebugManifestForPackage
> Task :react-native-worklets:bundleLibCompileToJarDebug
> Task :react-native-worklets:processDebugJavaRes
> Task :react-native-worklets:bundleLibRuntimeToDirDebug
> Task :react-native-worklets:bundleLibRuntimeToJarDebug
> Task :react-native-vision-camera-worklets:compileDebugKotlin

> Task :react-native-nitro-modules:buildCMakeDebug[x86]
C/C++: Hard link from 'C:\Users\Admin\.gradle\caches\9.3.1\transforms\2321ffcfab7439b6200de4724cf7ba76\workspace\transformed\react-android-0.85.3-debug\prefab\modules\reactnative\libs\android.x86\libreactnative.so' to 'D:\13_claude_Code\14_NHAI\ZaiFi\node_modules\react-native-nitro-modules\android\build\intermediates\cxx\Debug\9507111t\obj\x86\libreactnative.so' failed. Doing a slower copy instead.
C/C++: Hard link from 'C:\Users\Admin\.gradle\caches\9.3.1\transforms\2321ffcfab7439b6200de4724cf7ba76\workspace\transformed\react-android-0.85.3-debug\prefab\modules\reactnative\libs\android.x86\libreactnative.so' to 'D:\13_claude_Code\14_NHAI\ZaiFi\node_modules\react-native-nitro-modules\android\build\intermediates\cxx\Debug\9507111t\obj\x86\libreactnative.so' failed. Doing a slower copy instead.

> Task :app:processDebugResources
> Task :react-native-vision-camera-worklets:compileDebugJavaWithJavac
> Task :react-native-vision-camera-worklets:processDebugJavaRes
> Task :react-native-vision-camera-worklets:bundleLibRuntimeToDirDebug
> Task :react-native-vision-camera-worklets:bundleLibRuntimeToJarDebug
> Task :react-native-vision-camera-worklets:bundleLibCompileToJarDebug
> Task :react-native-nitro-modules:configureCMakeDebug[x86_64]

> Task :react-native-nitro-modules:buildCMakeDebug[x86_64]
C/C++: Hard link from 'C:\Users\Admin\.gradle\caches\9.3.1\transforms\2321ffcfab7439b6200de4724cf7ba76\workspace\transformed\react-android-0.85.3-debug\prefab\modules\reactnative\libs\android.x86_64\libreactnative.so' to 'D:\13_claude_Code\14_NHAI\ZaiFi\node_modules\react-native-nitro-modules\android\build\intermediates\cxx\Debug\9507111t\obj\x86_64\libreactnative.so' failed. Doing a slower copy instead.
C/C++: Hard link from 'C:\Users\Admin\.gradle\caches\9.3.1\transforms\2321ffcfab7439b6200de4724cf7ba76\workspace\transformed\react-android-0.85.3-debug\prefab\modules\reactnative\libs\android.x86_64\libreactnative.so' to 'D:\13_claude_Code\14_NHAI\ZaiFi\node_modules\react-native-nitro-modules\android\build\intermediates\cxx\Debug\9507111t\obj\x86_64\libreactnative.so' failed. Doing a slower copy instead.

> Task :app:compileDebugKotlin
> Task :react-native-nitro-modules:externalNativeBuildDebug
> Task :app:mergeLibDexDebug
> Task :app:compileDebugJavaWithJavac
> Task :app:dexBuilderDebug
> Task :app:processDebugJavaRes
> Task :app:mergeDebugGlobalSynthetics
> Task :react-native-nitro-modules:generateJsonModelDebug
> Task :react-native-nitro-modules:prefabDebugConfigurePackage
> Task :app:mergeProjectDexDebug
> Task :react-native-nitro-image:configureCMakeDebug[arm64-v8a]
> Task :react-native-nitro-modules:prefabDebugPackage UP-TO-DATE

> Task :react-native-nitro-image:buildCMakeDebug[arm64-v8a]
C/C++: Hard link from 'C:\Users\Admin\.gradle\caches\9.3.1\transforms\2321ffcfab7439b6200de4724cf7ba76\workspace\transformed\react-android-0.85.3-debug\prefab\modules\reactnative\libs\android.arm64-v8a\libreactnative.so' to 'D:\13_claude_Code\14_NHAI\ZaiFi\node_modules\react-native-nitro-image\android\build\intermediates\cxx\Debug\506z572b\obj\arm64-v8a\libreactnative.so' failed. Doing a slower copy instead.
C/C++: Hard link from 'C:\Users\Admin\.gradle\caches\9.3.1\transforms\2321ffcfab7439b6200de4724cf7ba76\workspace\transformed\react-android-0.85.3-debug\prefab\modules\reactnative\libs\android.arm64-v8a\libreactnative.so' to 'D:\13_claude_Code\14_NHAI\ZaiFi\node_modules\react-native-nitro-image\android\build\intermediates\cxx\Debug\506z572b\obj\arm64-v8a\libreactnative.so' failed. Doing a slower copy instead.

> Task :app:mergeDebugJavaResource
> Task :react-native-nitro-image:configureCMakeDebug[armeabi-v7a]

> Task :react-native-nitro-image:buildCMakeDebug[armeabi-v7a]
C/C++: Hard link from 'C:\Users\Admin\.gradle\caches\9.3.1\transforms\2321ffcfab7439b6200de4724cf7ba76\workspace\transformed\react-android-0.85.3-debug\prefab\modules\reactnative\libs\android.armeabi-v7a\libreactnative.so' to 'D:\13_claude_Code\14_NHAI\ZaiFi\node_modules\react-native-nitro-image\android\build\intermediates\cxx\Debug\506z572b\obj\armeabi-v7a\libreactnative.so' failed. Doing a slower copy instead.
C/C++: Hard link from 'C:\Users\Admin\.gradle\caches\9.3.1\transforms\2321ffcfab7439b6200de4724cf7ba76\workspace\transformed\react-android-0.85.3-debug\prefab\modules\reactnative\libs\android.armeabi-v7a\libreactnative.so' to 'D:\13_claude_Code\14_NHAI\ZaiFi\node_modules\react-native-nitro-image\android\build\intermediates\cxx\Debug\506z572b\obj\armeabi-v7a\libreactnative.so' failed. Doing a slower copy instead.

> Task :react-native-nitro-image:configureCMakeDebug[x86]

> Task :react-native-nitro-image:buildCMakeDebug[x86]
C/C++: Hard link from 'C:\Users\Admin\.gradle\caches\9.3.1\transforms\2321ffcfab7439b6200de4724cf7ba76\workspace\transformed\react-android-0.85.3-debug\prefab\modules\reactnative\libs\android.x86\libreactnative.so' to 'D:\13_claude_Code\14_NHAI\ZaiFi\node_modules\react-native-nitro-image\android\build\intermediates\cxx\Debug\506z572b\obj\x86\libreactnative.so' failed. Doing a slower copy instead.
C/C++: Hard link from 'C:\Users\Admin\.gradle\caches\9.3.1\transforms\2321ffcfab7439b6200de4724cf7ba76\workspace\transformed\react-android-0.85.3-debug\prefab\modules\reactnative\libs\android.x86\libreactnative.so' to 'D:\13_claude_Code\14_NHAI\ZaiFi\node_modules\react-native-nitro-image\android\build\intermediates\cxx\Debug\506z572b\obj\x86\libreactnative.so' failed. Doing a slower copy instead.

> Task :react-native-nitro-image:configureCMakeDebug[x86_64]

> Task :react-native-nitro-image:buildCMakeDebug[x86_64]
C/C++: Hard link from 'C:\Users\Admin\.gradle\caches\9.3.1\transforms\2321ffcfab7439b6200de4724cf7ba76\workspace\transformed\react-android-0.85.3-debug\prefab\modules\reactnative\libs\android.x86_64\libreactnative.so' to 'D:\13_claude_Code\14_NHAI\ZaiFi\node_modules\react-native-nitro-image\android\build\intermediates\cxx\Debug\506z572b\obj\x86_64\libreactnative.so' failed. Doing a slower copy instead.
C/C++: Hard link from 'C:\Users\Admin\.gradle\caches\9.3.1\transforms\2321ffcfab7439b6200de4724cf7ba76\workspace\transformed\react-android-0.85.3-debug\prefab\modules\reactnative\libs\android.x86_64\libreactnative.so' to 'D:\13_claude_Code\14_NHAI\ZaiFi\node_modules\react-native-nitro-image\android\build\intermediates\cxx\Debug\506z572b\obj\x86_64\libreactnative.so' failed. Doing a slower copy instead.

> Task :react-native-nitro-modules:mergeDebugJniLibFolders UP-TO-DATE
> Task :react-native-nitro-modules:mergeDebugNativeLibs UP-TO-DATE
> Task :react-native-nitro-modules:copyDebugJniLibsProjectOnly UP-TO-DATE
> Task :react-native-nitro-image:externalNativeBuildDebug
> Task :react-native-nitro-image:generateJsonModelDebug
> Task :react-native-nitro-image:prefabDebugConfigurePackage
> Task :react-native-nitro-image:mergeDebugJniLibFolders UP-TO-DATE
> Task :react-native-nitro-image:mergeDebugNativeLibs UP-TO-DATE
> Task :react-native-nitro-image:copyDebugJniLibsProjectOnly UP-TO-DATE
> Task :react-native-nitro-image:prefabDebugPackage UP-TO-DATE
> Task :react-native-vision-camera:configureCMakeDebug[arm64-v8a]

> Task :react-native-vision-camera:buildCMakeDebug[arm64-v8a]
C/C++: Hard link from 'C:\Users\Admin\.gradle\caches\9.3.1\transforms\2321ffcfab7439b6200de4724cf7ba76\workspace\transformed\react-android-0.85.3-debug\prefab\modules\reactnative\libs\android.arm64-v8a\libreactnative.so' to 'D:\13_claude_Code\14_NHAI\ZaiFi\node_modules\react-native-vision-camera\android\build\intermediates\cxx\Debug\1m1v1v6w\obj\arm64-v8a\libreactnative.so' failed. Doing a slower copy instead.
C/C++: Hard link from 'C:\Users\Admin\.gradle\caches\9.3.1\transforms\2321ffcfab7439b6200de4724cf7ba76\workspace\transformed\react-android-0.85.3-debug\prefab\modules\reactnative\libs\android.arm64-v8a\libreactnative.so' to 'D:\13_claude_Code\14_NHAI\ZaiFi\node_modules\react-native-vision-camera\android\build\intermediates\cxx\Debug\1m1v1v6w\obj\arm64-v8a\libreactnative.so' failed. Doing a slower copy instead.

> Task :react-native-vision-camera:configureCMakeDebug[armeabi-v7a]

> Task :react-native-vision-camera:buildCMakeDebug[armeabi-v7a]
C/C++: Hard link from 'C:\Users\Admin\.gradle\caches\9.3.1\transforms\2321ffcfab7439b6200de4724cf7ba76\workspace\transformed\react-android-0.85.3-debug\prefab\modules\reactnative\libs\android.armeabi-v7a\libreactnative.so' to 'D:\13_claude_Code\14_NHAI\ZaiFi\node_modules\react-native-vision-camera\android\build\intermediates\cxx\Debug\1m1v1v6w\obj\armeabi-v7a\libreactnative.so' failed. Doing a slower copy instead.
C/C++: Hard link from 'C:\Users\Admin\.gradle\caches\9.3.1\transforms\2321ffcfab7439b6200de4724cf7ba76\workspace\transformed\react-android-0.85.3-debug\prefab\modules\reactnative\libs\android.armeabi-v7a\libreactnative.so' to 'D:\13_claude_Code\14_NHAI\ZaiFi\node_modules\react-native-vision-camera\android\build\intermediates\cxx\Debug\1m1v1v6w\obj\armeabi-v7a\libreactnative.so' failed. Doing a slower copy instead.

> Task :react-native-vision-camera:configureCMakeDebug[x86]

> Task :react-native-vision-camera:buildCMakeDebug[x86]
C/C++: Hard link from 'C:\Users\Admin\.gradle\caches\9.3.1\transforms\2321ffcfab7439b6200de4724cf7ba76\workspace\transformed\react-android-0.85.3-debug\prefab\modules\reactnative\libs\android.x86\libreactnative.so' to 'D:\13_claude_Code\14_NHAI\ZaiFi\node_modules\react-native-vision-camera\android\build\intermediates\cxx\Debug\1m1v1v6w\obj\x86\libreactnative.so' failed. Doing a slower copy instead.
C/C++: Hard link from 'C:\Users\Admin\.gradle\caches\9.3.1\transforms\2321ffcfab7439b6200de4724cf7ba76\workspace\transformed\react-android-0.85.3-debug\prefab\modules\reactnative\libs\android.x86\libreactnative.so' to 'D:\13_claude_Code\14_NHAI\ZaiFi\node_modules\react-native-vision-camera\android\build\intermediates\cxx\Debug\1m1v1v6w\obj\x86\libreactnative.so' failed. Doing a slower copy instead.

> Task :react-native-vision-camera:configureCMakeDebug[x86_64]

> Task :react-native-vision-camera:buildCMakeDebug[x86_64]
C/C++: Hard link from 'C:\Users\Admin\.gradle\caches\9.3.1\transforms\2321ffcfab7439b6200de4724cf7ba76\workspace\transformed\react-android-0.85.3-debug\prefab\modules\reactnative\libs\android.x86_64\libreactnative.so' to 'D:\13_claude_Code\14_NHAI\ZaiFi\node_modules\react-native-vision-camera\android\build\intermediates\cxx\Debug\1m1v1v6w\obj\x86_64\libreactnative.so' failed. Doing a slower copy instead.
C/C++: Hard link from 'C:\Users\Admin\.gradle\caches\9.3.1\transforms\2321ffcfab7439b6200de4724cf7ba76\workspace\transformed\react-android-0.85.3-debug\prefab\modules\reactnative\libs\android.x86_64\libreactnative.so' to 'D:\13_claude_Code\14_NHAI\ZaiFi\node_modules\react-native-vision-camera\android\build\intermediates\cxx\Debug\1m1v1v6w\obj\x86_64\libreactnative.so' failed. Doing a slower copy instead.

> Task :react-native-vision-camera:externalNativeBuildDebug
> Task :react-native-vision-camera:generateJsonModelDebug
> Task :react-native-vision-camera:prefabDebugConfigurePackage
> Task :react-native-worklets:configureCMakeDebug[arm64-v8a]

> Task :react-native-worklets:buildCMakeDebug[arm64-v8a][worklets]
C/C++: Hard link from 'C:\Users\Admin\.gradle\caches\9.3.1\transforms\2321ffcfab7439b6200de4724cf7ba76\workspace\transformed\react-android-0.85.3-debug\prefab\modules\reactnative\libs\android.arm64-v8a\libreactnative.so' to 'D:\13_claude_Code\14_NHAI\ZaiFi\node_modules\react-native-worklets\android\build\intermediates\cxx\Debug\6c1zd2k2\obj\arm64-v8a\libreactnative.so' failed. Doing a slower copy instead.
C/C++: Hard link from 'C:\Users\Admin\.gradle\caches\9.3.1\transforms\2321ffcfab7439b6200de4724cf7ba76\workspace\transformed\react-android-0.85.3-debug\prefab\modules\reactnative\libs\android.arm64-v8a\libreactnative.so' to 'D:\13_claude_Code\14_NHAI\ZaiFi\node_modules\react-native-worklets\android\build\intermediates\cxx\Debug\6c1zd2k2\obj\arm64-v8a\libreactnative.so' failed. Doing a slower copy instead.

> Task :react-native-worklets:configureCMakeDebug[armeabi-v7a]

> Task :react-native-worklets:buildCMakeDebug[armeabi-v7a][worklets]
C/C++: Hard link from 'C:\Users\Admin\.gradle\caches\9.3.1\transforms\2321ffcfab7439b6200de4724cf7ba76\workspace\transformed\react-android-0.85.3-debug\prefab\modules\reactnative\libs\android.armeabi-v7a\libreactnative.so' to 'D:\13_claude_Code\14_NHAI\ZaiFi\node_modules\react-native-worklets\android\build\intermediates\cxx\Debug\6c1zd2k2\obj\armeabi-v7a\libreactnative.so' failed. Doing a slower copy instead.
C/C++: Hard link from 'C:\Users\Admin\.gradle\caches\9.3.1\transforms\2321ffcfab7439b6200de4724cf7ba76\workspace\transformed\react-android-0.85.3-debug\prefab\modules\reactnative\libs\android.armeabi-v7a\libreactnative.so' to 'D:\13_claude_Code\14_NHAI\ZaiFi\node_modules\react-native-worklets\android\build\intermediates\cxx\Debug\6c1zd2k2\obj\armeabi-v7a\libreactnative.so' failed. Doing a slower copy instead.

> Task :react-native-worklets:configureCMakeDebug[x86]

> Task :react-native-worklets:buildCMakeDebug[x86][worklets]
C/C++: Hard link from 'C:\Users\Admin\.gradle\caches\9.3.1\transforms\2321ffcfab7439b6200de4724cf7ba76\workspace\transformed\react-android-0.85.3-debug\prefab\modules\reactnative\libs\android.x86\libreactnative.so' to 'D:\13_claude_Code\14_NHAI\ZaiFi\node_modules\react-native-worklets\android\build\intermediates\cxx\Debug\6c1zd2k2\obj\x86\libreactnative.so' failed. Doing a slower copy instead.
C/C++: Hard link from 'C:\Users\Admin\.gradle\caches\9.3.1\transforms\2321ffcfab7439b6200de4724cf7ba76\workspace\transformed\react-android-0.85.3-debug\prefab\modules\reactnative\libs\android.x86\libreactnative.so' to 'D:\13_claude_Code\14_NHAI\ZaiFi\node_modules\react-native-worklets\android\build\intermediates\cxx\Debug\6c1zd2k2\obj\x86\libreactnative.so' failed. Doing a slower copy instead.

> Task :react-native-worklets:configureCMakeDebug[x86_64]

> Task :react-native-worklets:buildCMakeDebug[x86_64][worklets]
C/C++: Hard link from 'C:\Users\Admin\.gradle\caches\9.3.1\transforms\2321ffcfab7439b6200de4724cf7ba76\workspace\transformed\react-android-0.85.3-debug\prefab\modules\reactnative\libs\android.x86_64\libreactnative.so' to 'D:\13_claude_Code\14_NHAI\ZaiFi\node_modules\react-native-worklets\android\build\intermediates\cxx\Debug\6c1zd2k2\obj\x86_64\libreactnative.so' failed. Doing a slower copy instead.
C/C++: Hard link from 'C:\Users\Admin\.gradle\caches\9.3.1\transforms\2321ffcfab7439b6200de4724cf7ba76\workspace\transformed\react-android-0.85.3-debug\prefab\modules\reactnative\libs\android.x86_64\libreactnative.so' to 'D:\13_claude_Code\14_NHAI\ZaiFi\node_modules\react-native-worklets\android\build\intermediates\cxx\Debug\6c1zd2k2\obj\x86_64\libreactnative.so' failed. Doing a slower copy instead.

> Task :react-native-worklets:externalNativeBuildDebug
C/C++: Hard link from 'C:\Users\Admin\.gradle\caches\9.3.1\transforms\2321ffcfab7439b6200de4724cf7ba76\workspace\transformed\react-android-0.85.3-debug\prefab\modules\reactnative\libs\android.armeabi-v7a\libreactnative.so' to 'D:\13_claude_Code\14_NHAI\ZaiFi\node_modules\react-native-worklets\android\build\intermediates\cmake\debug\obj\armeabi-v7a\libreactnative.so' failed. Doing a slower copy instead.
C/C++: Hard link from 'C:\Users\Admin\.gradle\caches\9.3.1\transforms\2321ffcfab7439b6200de4724cf7ba76\workspace\transformed\react-android-0.85.3-debug\prefab\modules\reactnative\libs\android.armeabi-v7a\libreactnative.so' to 'D:\13_claude_Code\14_NHAI\ZaiFi\node_modules\react-native-worklets\android\build\intermediates\cmake\debug\obj\armeabi-v7a\libreactnative.so' failed. Doing a slower copy instead.
C/C++: Hard link from 'C:\Users\Admin\.gradle\caches\9.3.1\transforms\2321ffcfab7439b6200de4724cf7ba76\workspace\transformed\react-android-0.85.3-debug\prefab\modules\reactnative\libs\android.arm64-v8a\libreactnative.so' to 'D:\13_claude_Code\14_NHAI\ZaiFi\node_modules\react-native-worklets\android\build\intermediates\cmake\debug\obj\arm64-v8a\libreactnative.so' failed. Doing a slower copy instead.
C/C++: Hard link from 'C:\Users\Admin\.gradle\caches\9.3.1\transforms\2321ffcfab7439b6200de4724cf7ba76\workspace\transformed\react-android-0.85.3-debug\prefab\modules\reactnative\libs\android.arm64-v8a\libreactnative.so' to 'D:\13_claude_Code\14_NHAI\ZaiFi\node_modules\react-native-worklets\android\build\intermediates\cmake\debug\obj\arm64-v8a\libreactnative.so' failed. Doing a slower copy instead.
C/C++: Hard link from 'C:\Users\Admin\.gradle\caches\9.3.1\transforms\2321ffcfab7439b6200de4724cf7ba76\workspace\transformed\react-android-0.85.3-debug\prefab\modules\reactnative\libs\android.x86\libreactnative.so' to 'D:\13_claude_Code\14_NHAI\ZaiFi\node_modules\react-native-worklets\android\build\intermediates\cmake\debug\obj\x86\libreactnative.so' failed. Doing a slower copy instead.
C/C++: Hard link from 'C:\Users\Admin\.gradle\caches\9.3.1\transforms\2321ffcfab7439b6200de4724cf7ba76\workspace\transformed\react-android-0.85.3-debug\prefab\modules\reactnative\libs\android.x86\libreactnative.so' to 'D:\13_claude_Code\14_NHAI\ZaiFi\node_modules\react-native-worklets\android\build\intermediates\cmake\debug\obj\x86\libreactnative.so' failed. Doing a slower copy instead.
C/C++: Hard link from 'C:\Users\Admin\.gradle\caches\9.3.1\transforms\2321ffcfab7439b6200de4724cf7ba76\workspace\transformed\react-android-0.85.3-debug\prefab\modules\reactnative\libs\android.x86_64\libreactnative.so' to 'D:\13_claude_Code\14_NHAI\ZaiFi\node_modules\react-native-worklets\android\build\intermediates\cmake\debug\obj\x86_64\libreactnative.so' failed. Doing a slower copy instead.
C/C++: Hard link from 'C:\Users\Admin\.gradle\caches\9.3.1\transforms\2321ffcfab7439b6200de4724cf7ba76\workspace\transformed\react-android-0.85.3-debug\prefab\modules\reactnative\libs\android.x86_64\libreactnative.so' to 'D:\13_claude_Code\14_NHAI\ZaiFi\node_modules\react-native-worklets\android\build\intermediates\cmake\debug\obj\x86_64\libreactnative.so' failed. Doing a slower copy instead.

> Task :react-native-worklets:generateJsonModelDebug
> Task :react-native-worklets:prefabDebugConfigurePackage
> Task :app:configureCMakeDebug[arm64-v8a]
> Task :react-native-vision-camera:prefabDebugPackage UP-TO-DATE
> Task :react-native-worklets:prefabDebugPackage

> Task :app:buildCMakeDebug[arm64-v8a]
C/C++: Hard link from 'C:\Users\Admin\.gradle\caches\9.3.1\transforms\2321ffcfab7439b6200de4724cf7ba76\workspace\transformed\react-android-0.85.3-debug\prefab\modules\reactnative\libs\android.arm64-v8a\libreactnative.so' to 'D:\13_claude_Code\14_NHAI\ZaiFi\android\app\build\intermediates\cxx\Debug\3yf6a5i6\obj\arm64-v8a\libreactnative.so' failed. Doing a slower copy instead.
C/C++: Hard link from 'C:\Users\Admin\.gradle\caches\9.3.1\transforms\2321ffcfab7439b6200de4724cf7ba76\workspace\transformed\react-android-0.85.3-debug\prefab\modules\reactnative\libs\android.arm64-v8a\libreactnative.so' to 'D:\13_claude_Code\14_NHAI\ZaiFi\android\app\build\intermediates\cxx\Debug\3yf6a5i6\obj\arm64-v8a\libreactnative.so' failed. Doing a slower copy instead.

> Task :app:configureCMakeDebug[armeabi-v7a]

> Task :app:buildCMakeDebug[armeabi-v7a]
C/C++: Hard link from 'C:\Users\Admin\.gradle\caches\9.3.1\transforms\2321ffcfab7439b6200de4724cf7ba76\workspace\transformed\react-android-0.85.3-debug\prefab\modules\reactnative\libs\android.armeabi-v7a\libreactnative.so' to 'D:\13_claude_Code\14_NHAI\ZaiFi\android\app\build\intermediates\cxx\Debug\3yf6a5i6\obj\armeabi-v7a\libreactnative.so' failed. Doing a slower copy instead.
C/C++: Hard link from 'C:\Users\Admin\.gradle\caches\9.3.1\transforms\2321ffcfab7439b6200de4724cf7ba76\workspace\transformed\react-android-0.85.3-debug\prefab\modules\reactnative\libs\android.armeabi-v7a\libreactnative.so' to 'D:\13_claude_Code\14_NHAI\ZaiFi\android\app\build\intermediates\cxx\Debug\3yf6a5i6\obj\armeabi-v7a\libreactnative.so' failed. Doing a slower copy instead.

> Task :app:configureCMakeDebug[x86]

> Task :app:buildCMakeDebug[x86]
C/C++: Hard link from 'C:\Users\Admin\.gradle\caches\9.3.1\transforms\2321ffcfab7439b6200de4724cf7ba76\workspace\transformed\react-android-0.85.3-debug\prefab\modules\reactnative\libs\android.x86\libreactnative.so' to 'D:\13_claude_Code\14_NHAI\ZaiFi\android\app\build\intermediates\cxx\Debug\3yf6a5i6\obj\x86\libreactnative.so' failed. Doing a slower copy instead.
C/C++: Hard link from 'C:\Users\Admin\.gradle\caches\9.3.1\transforms\2321ffcfab7439b6200de4724cf7ba76\workspace\transformed\react-android-0.85.3-debug\prefab\modules\reactnative\libs\android.x86\libreactnative.so' to 'D:\13_claude_Code\14_NHAI\ZaiFi\android\app\build\intermediates\cxx\Debug\3yf6a5i6\obj\x86\libreactnative.so' failed. Doing a slower copy instead.

> Task :app:configureCMakeDebug[x86_64]

> Task :app:buildCMakeDebug[x86_64]
C/C++: Hard link from 'C:\Users\Admin\.gradle\caches\9.3.1\transforms\2321ffcfab7439b6200de4724cf7ba76\workspace\transformed\react-android-0.85.3-debug\prefab\modules\reactnative\libs\android.x86_64\libreactnative.so' to 'D:\13_claude_Code\14_NHAI\ZaiFi\android\app\build\intermediates\cxx\Debug\3yf6a5i6\obj\x86_64\libreactnative.so' failed. Doing a slower copy instead.
C/C++: Hard link from 'C:\Users\Admin\.gradle\caches\9.3.1\transforms\2321ffcfab7439b6200de4724cf7ba76\workspace\transformed\react-android-0.85.3-debug\prefab\modules\reactnative\libs\android.x86_64\libreactnative.so' to 'D:\13_claude_Code\14_NHAI\ZaiFi\android\app\build\intermediates\cxx\Debug\3yf6a5i6\obj\x86_64\libreactnative.so' failed. Doing a slower copy instead.

> Task :app:mergeDebugJniLibFolders
> Task :react-native-community_netinfo:mergeDebugJniLibFolders UP-TO-DATE
> Task :react-native-community_netinfo:mergeDebugNativeLibs NO-SOURCE
> Task :react-native-community_netinfo:copyDebugJniLibsProjectOnly UP-TO-DATE
> Task :react-native-fast-tflite:extractAARHeaders
> Task :react-native-fast-tflite:extractSOFiles
> Task :react-native-fast-tflite:configureCMakeDebug[arm64-v8a]
> Task :react-native-fast-tflite:cleanEmptyDirectories

> Task :react-native-fast-tflite:buildCMakeDebug[arm64-v8a]
C/C++: ninja: Entering directory `D:\13_claude_Code\14_NHAI\ZaiFi\node_modules\react-native-fast-tflite\android\.cxx\Debug\4g611x67\arm64-v8a'
C/C++: D:/13_claude_Code/14_NHAI/ZaiFi/node_modules/react-native-fast-tflite/cpp/TfliteHelpers.cpp:23:11: warning: enumeration value 'kTfLiteOutputShapeNotKnown' not handled in switch [-Wswitch]
C/C++:    23 |   switch (status) {
C/C++:       |           ^~~~~~
C/C++: 1 warning generated.
C/C++: D:/13_claude_Code/14_NHAI/ZaiFi/node_modules/react-native-fast-tflite/cpp/HybridTfliteModel.cpp:95:25: warning: comparison of integers of different signs: 'int32_t' (aka 'int') and 'size_t' (aka 'unsigned long') [-Wsign-compare]
C/C++:    95 |   for (int32_t i = 0; i < inputCount; i++) {
C/C++:       |                       ~ ^ ~~~~~~~~~~
C/C++: 1 warning generated.
C/C++: Hard link from 'C:\Users\Admin\.gradle\caches\9.3.1\transforms\2321ffcfab7439b6200de4724cf7ba76\workspace\transformed\react-android-0.85.3-debug\prefab\modules\reactnative\libs\android.arm64-v8a\libreactnative.so' to 'D:\13_claude_Code\14_NHAI\ZaiFi\node_modules\react-native-fast-tflite\android\build\intermediates\cxx\Debug\4g611x67\obj\arm64-v8a\libreactnative.so' failed. Doing a slower copy instead.
C/C++: Hard link from 'C:\Users\Admin\.gradle\caches\9.3.1\transforms\2321ffcfab7439b6200de4724cf7ba76\workspace\transformed\react-android-0.85.3-debug\prefab\modules\reactnative\libs\android.arm64-v8a\libreactnative.so' to 'D:\13_claude_Code\14_NHAI\ZaiFi\node_modules\react-native-fast-tflite\android\build\intermediates\cxx\Debug\4g611x67\obj\arm64-v8a\libreactnative.so' failed. Doing a slower copy instead.

> Task :react-native-fast-tflite:configureCMakeDebug[armeabi-v7a]

> Task :react-native-fast-tflite:buildCMakeDebug[armeabi-v7a]
C/C++: ninja: Entering directory `D:\13_claude_Code\14_NHAI\ZaiFi\node_modules\react-native-fast-tflite\android\.cxx\Debug\4g611x67\armeabi-v7a'
C/C++: D:/13_claude_Code/14_NHAI/ZaiFi/node_modules/react-native-fast-tflite/cpp/TfliteHelpers.cpp:23:11: warning: enumeration value 'kTfLiteOutputShapeNotKnown' not handled in switch [-Wswitch]
C/C++:    23 |   switch (status) {
C/C++:       |           ^~~~~~
C/C++: 1 warning generated.
C/C++: D:/13_claude_Code/14_NHAI/ZaiFi/node_modules/react-native-fast-tflite/cpp/HybridTfliteModel.cpp:95:25: warning: comparison of integers of different signs: 'int32_t' (aka 'int') and 'size_t' (aka 'unsigned int') [-Wsign-compare]
C/C++:    95 |   for (int32_t i = 0; i < inputCount; i++) {
C/C++:       |                       ~ ^ ~~~~~~~~~~
C/C++: 1 warning generated.
C/C++: Hard link from 'C:\Users\Admin\.gradle\caches\9.3.1\transforms\2321ffcfab7439b6200de4724cf7ba76\workspace\transformed\react-android-0.85.3-debug\prefab\modules\reactnative\libs\android.armeabi-v7a\libreactnative.so' to 'D:\13_claude_Code\14_NHAI\ZaiFi\node_modules\react-native-fast-tflite\android\build\intermediates\cxx\Debug\4g611x67\obj\armeabi-v7a\libreactnative.so' failed. Doing a slower copy instead.
C/C++: Hard link from 'C:\Users\Admin\.gradle\caches\9.3.1\transforms\2321ffcfab7439b6200de4724cf7ba76\workspace\transformed\react-android-0.85.3-debug\prefab\modules\reactnative\libs\android.armeabi-v7a\libreactnative.so' to 'D:\13_claude_Code\14_NHAI\ZaiFi\node_modules\react-native-fast-tflite\android\build\intermediates\cxx\Debug\4g611x67\obj\armeabi-v7a\libreactnative.so' failed. Doing a slower copy instead.

> Task :react-native-fast-tflite:configureCMakeDebug[x86]

> Task :react-native-fast-tflite:buildCMakeDebug[x86]
C/C++: ninja: Entering directory `D:\13_claude_Code\14_NHAI\ZaiFi\node_modules\react-native-fast-tflite\android\.cxx\Debug\4g611x67\x86'
C/C++: D:/13_claude_Code/14_NHAI/ZaiFi/node_modules/react-native-fast-tflite/cpp/TfliteHelpers.cpp:23:11: warning: enumeration value 'kTfLiteOutputShapeNotKnown' not handled in switch [-Wswitch]
C/C++:    23 |   switch (status) {
C/C++:       |           ^~~~~~
C/C++: 1 warning generated.
C/C++: D:/13_claude_Code/14_NHAI/ZaiFi/node_modules/react-native-fast-tflite/cpp/HybridTfliteModel.cpp:95:25: warning: comparison of integers of different signs: 'int32_t' (aka 'int') and 'size_t' (aka 'unsigned int') [-Wsign-compare]
C/C++:    95 |   for (int32_t i = 0; i < inputCount; i++) {
C/C++:       |                       ~ ^ ~~~~~~~~~~
C/C++: 1 warning generated.
C/C++: Hard link from 'C:\Users\Admin\.gradle\caches\9.3.1\transforms\2321ffcfab7439b6200de4724cf7ba76\workspace\transformed\react-android-0.85.3-debug\prefab\modules\reactnative\libs\android.x86\libreactnative.so' to 'D:\13_claude_Code\14_NHAI\ZaiFi\node_modules\react-native-fast-tflite\android\build\intermediates\cxx\Debug\4g611x67\obj\x86\libreactnative.so' failed. Doing a slower copy instead.
C/C++: Hard link from 'C:\Users\Admin\.gradle\caches\9.3.1\transforms\2321ffcfab7439b6200de4724cf7ba76\workspace\transformed\react-android-0.85.3-debug\prefab\modules\reactnative\libs\android.x86\libreactnative.so' to 'D:\13_claude_Code\14_NHAI\ZaiFi\node_modules\react-native-fast-tflite\android\build\intermediates\cxx\Debug\4g611x67\obj\x86\libreactnative.so' failed. Doing a slower copy instead.

> Task :react-native-fast-tflite:configureCMakeDebug[x86_64]

> Task :react-native-fast-tflite:buildCMakeDebug[x86_64]
C/C++: ninja: Entering directory `D:\13_claude_Code\14_NHAI\ZaiFi\node_modules\react-native-fast-tflite\android\.cxx\Debug\4g611x67\x86_64'
C/C++: D:/13_claude_Code/14_NHAI/ZaiFi/node_modules/react-native-fast-tflite/cpp/TfliteHelpers.cpp:23:11: warning: enumeration value 'kTfLiteOutputShapeNotKnown' not handled in switch [-Wswitch]
C/C++:    23 |   switch (status) {
C/C++:       |           ^~~~~~
C/C++: 1 warning generated.
C/C++: D:/13_claude_Code/14_NHAI/ZaiFi/node_modules/react-native-fast-tflite/cpp/HybridTfliteModel.cpp:95:25: warning: comparison of integers of different signs: 'int32_t' (aka 'int') and 'size_t' (aka 'unsigned long') [-Wsign-compare]
C/C++:    95 |   for (int32_t i = 0; i < inputCount; i++) {
C/C++:       |                       ~ ^ ~~~~~~~~~~
C/C++: 1 warning generated.
C/C++: Hard link from 'C:\Users\Admin\.gradle\caches\9.3.1\transforms\2321ffcfab7439b6200de4724cf7ba76\workspace\transformed\react-android-0.85.3-debug\prefab\modules\reactnative\libs\android.x86_64\libreactnative.so' to 'D:\13_claude_Code\14_NHAI\ZaiFi\node_modules\react-native-fast-tflite\android\build\intermediates\cxx\Debug\4g611x67\obj\x86_64\libreactnative.so' failed. Doing a slower copy instead.
C/C++: Hard link from 'C:\Users\Admin\.gradle\caches\9.3.1\transforms\2321ffcfab7439b6200de4724cf7ba76\workspace\transformed\react-android-0.85.3-debug\prefab\modules\reactnative\libs\android.x86_64\libreactnative.so' to 'D:\13_claude_Code\14_NHAI\ZaiFi\node_modules\react-native-fast-tflite\android\build\intermediates\cxx\Debug\4g611x67\obj\x86_64\libreactnative.so' failed. Doing a slower copy instead.

> Task :react-native-fast-tflite:mergeDebugJniLibFolders UP-TO-DATE
> Task :react-native-fast-tflite:mergeDebugNativeLibs UP-TO-DATE
> Task :react-native-fast-tflite:copyDebugJniLibsProjectOnly UP-TO-DATE
> Task :react-native-fs:mergeDebugJniLibFolders UP-TO-DATE
> Task :react-native-fs:mergeDebugNativeLibs NO-SOURCE
> Task :react-native-fs:copyDebugJniLibsProjectOnly UP-TO-DATE
> Task :react-native-gesture-handler:configureCMakeDebug[arm64-v8a]
> Task :react-native-gesture-handler:buildCMakeDebug[arm64-v8a]
> Task :react-native-gesture-handler:configureCMakeDebug[armeabi-v7a]
> Task :react-native-gesture-handler:buildCMakeDebug[armeabi-v7a]
> Task :react-native-gesture-handler:configureCMakeDebug[x86]
> Task :react-native-gesture-handler:buildCMakeDebug[x86]
> Task :react-native-gesture-handler:configureCMakeDebug[x86_64]
> Task :react-native-gesture-handler:buildCMakeDebug[x86_64]
> Task :react-native-gesture-handler:mergeDebugJniLibFolders UP-TO-DATE
> Task :react-native-gesture-handler:mergeDebugNativeLibs UP-TO-DATE
> Task :react-native-gesture-handler:copyDebugJniLibsProjectOnly UP-TO-DATE
> Task :react-native-safe-area-context:mergeDebugJniLibFolders UP-TO-DATE
> Task :react-native-safe-area-context:mergeDebugNativeLibs NO-SOURCE
> Task :react-native-safe-area-context:copyDebugJniLibsProjectOnly UP-TO-DATE
> Task :react-native-screens:configureCMakeDebug[arm64-v8a]
> Task :react-native-screens:buildCMakeDebug[arm64-v8a]
> Task :react-native-screens:configureCMakeDebug[armeabi-v7a]
> Task :react-native-screens:buildCMakeDebug[armeabi-v7a]
> Task :react-native-screens:configureCMakeDebug[x86]
> Task :react-native-screens:buildCMakeDebug[x86]
> Task :react-native-screens:configureCMakeDebug[x86_64]
> Task :react-native-screens:buildCMakeDebug[x86_64]
> Task :react-native-screens:mergeDebugJniLibFolders UP-TO-DATE
> Task :react-native-screens:mergeDebugNativeLibs UP-TO-DATE
> Task :react-native-screens:copyDebugJniLibsProjectOnly UP-TO-DATE
> Task :react-native-sqlite-storage:mergeDebugJniLibFolders UP-TO-DATE
> Task :react-native-sqlite-storage:mergeDebugNativeLibs NO-SOURCE
> Task :react-native-sqlite-storage:copyDebugJniLibsProjectOnly UP-TO-DATE
> Task :react-native-vision-camera:mergeDebugJniLibFolders UP-TO-DATE
> Task :react-native-vision-camera:mergeDebugNativeLibs UP-TO-DATE
> Task :react-native-vision-camera:copyDebugJniLibsProjectOnly UP-TO-DATE
> Task :react-native-vision-camera-worklets:configureCMakeDebug[arm64-v8a]

> Task :react-native-vision-camera-worklets:buildCMakeDebug[arm64-v8a]
C/C++: Hard link from 'C:\Users\Admin\.gradle\caches\9.3.1\transforms\2321ffcfab7439b6200de4724cf7ba76\workspace\transformed\react-android-0.85.3-debug\prefab\modules\reactnative\libs\android.arm64-v8a\libreactnative.so' to 'D:\13_claude_Code\14_NHAI\ZaiFi\node_modules\react-native-vision-camera-worklets\android\build\intermediates\cxx\Debug\726c4n43\obj\arm64-v8a\libreactnative.so' failed. Doing a slower copy instead.
C/C++: Hard link from 'C:\Users\Admin\.gradle\caches\9.3.1\transforms\2321ffcfab7439b6200de4724cf7ba76\workspace\transformed\react-android-0.85.3-debug\prefab\modules\reactnative\libs\android.arm64-v8a\libreactnative.so' to 'D:\13_claude_Code\14_NHAI\ZaiFi\node_modules\react-native-vision-camera-worklets\android\build\intermediates\cxx\Debug\726c4n43\obj\arm64-v8a\libreactnative.so' failed. Doing a slower copy instead.

> Task :react-native-vision-camera-worklets:configureCMakeDebug[armeabi-v7a]

> Task :react-native-vision-camera-worklets:buildCMakeDebug[armeabi-v7a]
C/C++: Hard link from 'C:\Users\Admin\.gradle\caches\9.3.1\transforms\2321ffcfab7439b6200de4724cf7ba76\workspace\transformed\react-android-0.85.3-debug\prefab\modules\reactnative\libs\android.armeabi-v7a\libreactnative.so' to 'D:\13_claude_Code\14_NHAI\ZaiFi\node_modules\react-native-vision-camera-worklets\android\build\intermediates\cxx\Debug\726c4n43\obj\armeabi-v7a\libreactnative.so' failed. Doing a slower copy instead.
C/C++: Hard link from 'C:\Users\Admin\.gradle\caches\9.3.1\transforms\2321ffcfab7439b6200de4724cf7ba76\workspace\transformed\react-android-0.85.3-debug\prefab\modules\reactnative\libs\android.armeabi-v7a\libreactnative.so' to 'D:\13_claude_Code\14_NHAI\ZaiFi\node_modules\react-native-vision-camera-worklets\android\build\intermediates\cxx\Debug\726c4n43\obj\armeabi-v7a\libreactnative.so' failed. Doing a slower copy instead.

> Task :react-native-vision-camera-worklets:configureCMakeDebug[x86]

> Task :react-native-vision-camera-worklets:buildCMakeDebug[x86]
C/C++: Hard link from 'C:\Users\Admin\.gradle\caches\9.3.1\transforms\2321ffcfab7439b6200de4724cf7ba76\workspace\transformed\react-android-0.85.3-debug\prefab\modules\reactnative\libs\android.x86\libreactnative.so' to 'D:\13_claude_Code\14_NHAI\ZaiFi\node_modules\react-native-vision-camera-worklets\android\build\intermediates\cxx\Debug\726c4n43\obj\x86\libreactnative.so' failed. Doing a slower copy instead.
C/C++: Hard link from 'C:\Users\Admin\.gradle\caches\9.3.1\transforms\2321ffcfab7439b6200de4724cf7ba76\workspace\transformed\react-android-0.85.3-debug\prefab\modules\reactnative\libs\android.x86\libreactnative.so' to 'D:\13_claude_Code\14_NHAI\ZaiFi\node_modules\react-native-vision-camera-worklets\android\build\intermediates\cxx\Debug\726c4n43\obj\x86\libreactnative.so' failed. Doing a slower copy instead.

> Task :react-native-vision-camera-worklets:configureCMakeDebug[x86_64]

> Task :react-native-vision-camera-worklets:buildCMakeDebug[x86_64]
C/C++: Hard link from 'C:\Users\Admin\.gradle\caches\9.3.1\transforms\2321ffcfab7439b6200de4724cf7ba76\workspace\transformed\react-android-0.85.3-debug\prefab\modules\reactnative\libs\android.x86_64\libreactnative.so' to 'D:\13_claude_Code\14_NHAI\ZaiFi\node_modules\react-native-vision-camera-worklets\android\build\intermediates\cxx\Debug\726c4n43\obj\x86_64\libreactnative.so' failed. Doing a slower copy instead.
C/C++: Hard link from 'C:\Users\Admin\.gradle\caches\9.3.1\transforms\2321ffcfab7439b6200de4724cf7ba76\workspace\transformed\react-android-0.85.3-debug\prefab\modules\reactnative\libs\android.x86_64\libreactnative.so' to 'D:\13_claude_Code\14_NHAI\ZaiFi\node_modules\react-native-vision-camera-worklets\android\build\intermediates\cxx\Debug\726c4n43\obj\x86_64\libreactnative.so' failed. Doing a slower copy instead.

> Task :react-native-vision-camera-worklets:mergeDebugJniLibFolders
> Task :react-native-worklets:mergeDebugJniLibFolders
> Task :app:validateSigningDebug
> Task :app:writeDebugAppMetadata
> Task :app:writeDebugSigningConfigVersions
> Task :react-native-community_netinfo:stripDebugDebugSymbols NO-SOURCE
> Task :react-native-community_netinfo:copyDebugJniLibsProjectAndLocalJars
> Task :react-native-worklets:mergeDebugNativeLibs
> Task :react-native-vision-camera-worklets:mergeDebugNativeLibs
> Task :react-native-community_netinfo:extractDebugAnnotations
> Task :react-native-community_netinfo:extractDeepLinksForAarDebug
> Task :react-native-community_netinfo:mergeDebugGeneratedProguardFiles
> Task :react-native-community_netinfo:mergeDebugConsumerProguardFiles
> Task :react-native-community_netinfo:prepareDebugArtProfile
> Task :react-native-community_netinfo:prepareLintJarForPublish
> Task :react-native-community_netinfo:mergeDebugJavaResource
> Task :react-native-fast-tflite:extractDebugAnnotations
> Task :react-native-community_netinfo:syncDebugLibJars
> Task :react-native-community_netinfo:bundleDebugAar
> Task :react-native-community_netinfo:assembleDebug
> Task :react-native-fast-tflite:extractDeepLinksForAarDebug
> Task :react-native-fast-tflite:mergeDebugGeneratedProguardFiles
> Task :react-native-fast-tflite:mergeDebugConsumerProguardFiles
> Task :react-native-fast-tflite:prepareDebugArtProfile
> Task :react-native-fast-tflite:prepareLintJarForPublish
> Task :react-native-fs:stripDebugDebugSymbols NO-SOURCE
> Task :react-native-fast-tflite:mergeDebugJavaResource
> Task :react-native-fs:copyDebugJniLibsProjectAndLocalJars
> Task :react-native-fast-tflite:stripDebugDebugSymbols
> Task :react-native-fast-tflite:syncDebugLibJars
> Task :react-native-fs:extractDebugAnnotations
> Task :react-native-fs:extractDeepLinksForAarDebug
> Task :react-native-fs:mergeDebugGeneratedProguardFiles
> Task :react-native-fs:mergeDebugConsumerProguardFiles
> Task :react-native-fs:prepareDebugArtProfile
> Task :react-native-fs:prepareLintJarForPublish
> Task :react-native-fs:mergeDebugJavaResource
> Task :react-native-fast-tflite:copyDebugJniLibsProjectAndLocalJars
> Task :react-native-gesture-handler:extractDebugAnnotations
> Task :react-native-worklets:copyDebugJniLibsProjectOnly
> Task :react-native-gesture-handler:stripDebugDebugSymbols
> Task :react-native-fast-tflite:bundleDebugAar
> Task :react-native-fast-tflite:assembleDebug
> Task :react-native-vision-camera-worklets:copyDebugJniLibsProjectOnly
> Task :react-native-fs:syncDebugLibJars
> Task :react-native-fs:bundleDebugAar
> Task :react-native-fs:assembleDebug
> Task :react-native-gesture-handler:extractDeepLinksForAarDebug
> Task :react-native-gesture-handler:mergeDebugGeneratedProguardFiles
> Task :react-native-gesture-handler:mergeDebugConsumerProguardFiles
> Task :react-native-gesture-handler:prepareDebugArtProfile
> Task :react-native-gesture-handler:prepareLintJarForPublish
> Task :react-native-nitro-image:extractDebugAnnotations
> Task :react-native-nitro-image:extractDeepLinksForAarDebug
> Task :react-native-nitro-image:mergeDebugGeneratedProguardFiles
> Task :react-native-gesture-handler:copyDebugJniLibsProjectAndLocalJars
> Task :react-native-nitro-image:mergeDebugConsumerProguardFiles
> Task :react-native-nitro-image:prepareDebugArtProfile
> Task :react-native-nitro-image:prepareLintJarForPublish
> Task :react-native-gesture-handler:mergeDebugJavaResource
> Task :react-native-nitro-image:mergeDebugJavaResource
> Task :react-native-nitro-image:stripDebugDebugSymbols
> Task :react-native-gesture-handler:syncDebugLibJars
> Task :react-native-gesture-handler:bundleDebugAar
> Task :react-native-gesture-handler:assembleDebug
> Task :react-native-nitro-image:syncDebugLibJars
> Task :react-native-nitro-modules:extractDebugAnnotations
> Task :react-native-nitro-modules:extractDeepLinksForAarDebug
> Task :react-native-nitro-modules:mergeDebugGeneratedProguardFiles
> Task :react-native-nitro-modules:mergeDebugConsumerProguardFiles
> Task :react-native-nitro-modules:prepareDebugArtProfile
> Task :react-native-nitro-modules:prepareLintJarForPublish
> Task :react-native-safe-area-context:stripDebugDebugSymbols NO-SOURCE
> Task :react-native-safe-area-context:copyDebugJniLibsProjectAndLocalJars
> Task :react-native-nitro-modules:mergeDebugJavaResource
> Task :react-native-safe-area-context:extractDebugAnnotations
> Task :react-native-nitro-image:copyDebugJniLibsProjectAndLocalJars
> Task :react-native-nitro-modules:stripDebugDebugSymbols
> Task :react-native-nitro-modules:syncDebugLibJars
> Task :react-native-nitro-image:bundleDebugAar
> Task :react-native-nitro-image:assembleDebug
> Task :react-native-safe-area-context:extractDeepLinksForAarDebug
> Task :react-native-safe-area-context:mergeDebugGeneratedProguardFiles
> Task :react-native-safe-area-context:mergeDebugConsumerProguardFiles
> Task :react-native-safe-area-context:prepareDebugArtProfile
> Task :react-native-safe-area-context:prepareLintJarForPublish
> Task :react-native-safe-area-context:mergeDebugJavaResource
> Task :react-native-screens:extractDebugAnnotations
> Task :react-native-nitro-modules:copyDebugJniLibsProjectAndLocalJars
> Task :react-native-screens:stripDebugDebugSymbols
> Task :react-native-safe-area-context:syncDebugLibJars
> Task :react-native-nitro-modules:bundleDebugAar
> Task :react-native-nitro-modules:assembleDebug
> Task :react-native-safe-area-context:bundleDebugAar
> Task :react-native-safe-area-context:assembleDebug
> Task :react-native-screens:extractDeepLinksForAarDebug
> Task :react-native-screens:mergeDebugGeneratedProguardFiles
> Task :react-native-screens:mergeDebugConsumerProguardFiles
> Task :react-native-screens:prepareDebugArtProfile
> Task :react-native-screens:prepareLintJarForPublish
> Task :react-native-sqlite-storage:stripDebugDebugSymbols NO-SOURCE
> Task :react-native-sqlite-storage:copyDebugJniLibsProjectAndLocalJars
> Task :react-native-screens:mergeDebugJavaResource
> Task :react-native-sqlite-storage:extractDebugAnnotations
> Task :react-native-screens:copyDebugJniLibsProjectAndLocalJars
> Task :react-native-screens:syncDebugLibJars
> Task :react-native-screens:bundleDebugAar
> Task :react-native-screens:assembleDebug
> Task :react-native-sqlite-storage:extractDeepLinksForAarDebug
> Task :react-native-sqlite-storage:mergeDebugGeneratedProguardFiles
> Task :react-native-sqlite-storage:mergeDebugConsumerProguardFiles
> Task :react-native-sqlite-storage:prepareDebugArtProfile
> Task :react-native-sqlite-storage:prepareLintJarForPublish
> Task :react-native-sqlite-storage:mergeDebugJavaResource
> Task :react-native-vision-camera:extractDebugAnnotations
> Task :react-native-sqlite-storage:syncDebugLibJars
> Task :react-native-sqlite-storage:bundleDebugAar
> Task :react-native-sqlite-storage:assembleDebug
> Task :react-native-vision-camera:extractDeepLinksForAarDebug
> Task :react-native-vision-camera:mergeDebugGeneratedProguardFiles
> Task :react-native-vision-camera:mergeDebugConsumerProguardFiles
> Task :react-native-vision-camera:prepareDebugArtProfile
> Task :react-native-vision-camera:prepareLintJarForPublish
> Task :react-native-vision-camera:mergeDebugJavaResource
> Task :react-native-vision-camera-worklets:extractDebugAnnotations
> Task :react-native-vision-camera:stripDebugDebugSymbols
> Task :react-native-vision-camera-worklets:stripDebugDebugSymbols
> Task :react-native-vision-camera:syncDebugLibJars
> Task :react-native-vision-camera-worklets:extractDeepLinksForAarDebug
> Task :react-native-vision-camera-worklets:mergeDebugGeneratedProguardFiles
> Task :react-native-vision-camera-worklets:mergeDebugConsumerProguardFiles
> Task :react-native-vision-camera-worklets:prepareDebugArtProfile
> Task :react-native-vision-camera-worklets:prepareLintJarForPublish
> Task :react-native-vision-camera-worklets:mergeDebugJavaResource
> Task :react-native-worklets:extractDebugAnnotations
> Task :react-native-vision-camera-worklets:syncDebugLibJars
> Task :react-native-worklets:extractDeepLinksForAarDebug
> Task :react-native-worklets:mergeDebugGeneratedProguardFiles
> Task :react-native-worklets:mergeDebugConsumerProguardFiles
> Task :react-native-worklets:prepareDebugArtProfile
> Task :react-native-worklets:prepareLintJarForPublish
> Task :react-native-vision-camera-worklets:copyDebugJniLibsProjectAndLocalJars
> Task :react-native-worklets:mergeDebugJavaResource
> Task :react-native-vision-camera:copyDebugJniLibsProjectAndLocalJars
> Task :react-native-worklets:stripDebugDebugSymbols
> Task :react-native-vision-camera-worklets:bundleDebugAar
> Task :app:mergeDebugNativeLibs
> Task :react-native-vision-camera:bundleDebugAar
> Task :react-native-vision-camera:assembleDebug
> Task :react-native-vision-camera-worklets:assembleDebug
> Task :react-native-worklets:syncDebugLibJars
> Task :react-native-worklets:copyDebugJniLibsProjectAndLocalJars
> Task :app:stripDebugDebugSymbols
> Task :react-native-worklets:bundleDebugAar
> Task :react-native-worklets:assembleDebug
> Task :app:packageDebug
> Task :app:createDebugApkListingFileRedirect
> Task :app:assembleDebug

[Incubating] Problems report is available at: file:///D:/13_claude_Code/14_NHAI/ZaiFi/android/build/reports/problems/problems-report.html

Deprecated Gradle features were used in this build, making it incompatible with Gradle 10.

You can use '--warning-mode all' to show the individual deprecation warnings and determine if they come from your own scripts or plugins.

For more on this, please refer to https://docs.gradle.org/9.3.1/userguide/command_line_interface.html#sec:command_line_warnings in the Gradle documentation.

BUILD SUCCESSFUL in 3m 28s
542 actionable tasks: 306 executed, 236 up-to-date
